// Jest Snapshot v1, https://goo.gl/fbAQLP

exports[`Tests on <GifItem /> component must match to snapshot 1`] = `
<div>
  <div
    class="card"
  >
    <img
      alt="Imagen"
      src="https://domain/path"
    />
    <p>
      Imagen
    </p>
  </div>
</div>
`;
